// Jest Snapshot v1, https://goo.gl/fbAQLP

exports[`Home snapshot 1`] = `
<View>
  <Text>
    Home Component
  </Text>
  <View>
    <Text>
      Profile Component
    </Text>
  </View>
</View>
`;
